Testing config: v67 (candidate) -- strategy=ma_crossover
  ma_crossover_short_window=29, ma_crossover_long_window=83, ma_crossover_entry_fill=limit, atr_take_profit_multiplier=1.9294450886182728, stop_loss_atr_multiplier=0.9702982599969341

Fetching SPY (market-uptrend proxy)...
Fetched 407/407 ticker(s).

Fetching 11 sector ETF(s) for Sector_Relative_Strength...
Ticker holdout: frac=0.25, averaging TUNE/HOLDOUT over 10 seeds ([42, 1, 5, 7, 13, 99, 123, 2024, 2025, 777]) -- see improvements.txt item 69.

Simulating REAL MA_Crossover-timed strategy and matched-count RANDOM-entry baseline for 407 ticker(s), 2021-08-31..2026-08-30...
Real MA_Crossover-timed signals: 1864 across 407 ticker(s) (entry-fill realized: 1864). Random baseline (matched count per ticker): 1744 entries filled.

=== ALL TICKERS ===
  REAL   (MA_Crossover-timed): {'trade_count': 1852, 'effective_trade_count': 1664.5, 'win_rate': 38.14, 'avg_pnl_pct': 0.42, 'pnl_std': 4.0, 'sharpe_like': 0.105, 'trades_per_year': 371.7, 'annualized_sharpe_like': 2.024, 'k_ratio': 98.402}
  RANDOM (matched count): {'trade_count': 1727, 'effective_trade_count': 1629.1, 'win_rate': 34.2, 'avg_pnl_pct': -0.08, 'pnl_std': 4.05, 'sharpe_like': -0.02, 'trades_per_year': 346.4, 'annualized_sharpe_like': -0.372, 'k_ratio': -36.784}

=== BY YEAR (does the edge hold up over time, or is it concentrated in one stretch?) ===
  2021  REAL   (MA_Crossover-timed): {'trade_count': 186, 'effective_trade_count': 168.0, 'win_rate': 40.36, 'avg_pnl_pct': 0.66, 'pnl_std': 3.91, 'sharpe_like': 0.17, 'trades_per_year': 561.5, 'annualized_sharpe_like': 4.028, 'k_ratio': 16.758}
  2021  RANDOM (matched count): {'trade_count': 162, 'effective_trade_count': 152.0, 'win_rate': 37.59, 'avg_pnl_pct': 0.15, 'pnl_std': 3.59, 'sharpe_like': 0.043, 'trades_per_year': 489.0, 'annualized_sharpe_like': 0.951, 'k_ratio': 9.147}
  2022  REAL   (MA_Crossover-timed): {'trade_count': 94, 'effective_trade_count': 85.8, 'win_rate': 26.32, 'avg_pnl_pct': -0.64, 'pnl_std': 3.34, 'sharpe_like': -0.19, 'trades_per_year': 101.6, 'annualized_sharpe_like': -1.915, 'k_ratio': -8.056}
  2022  RANDOM (matched count): {'trade_count': 65, 'effective_trade_count': 60.9, 'win_rate': 20.17, 'avg_pnl_pct': -1.22, 'pnl_std': 2.89, 'sharpe_like': -0.421, 'trades_per_year': 70.7, 'annualized_sharpe_like': -3.539, 'k_ratio': -7.737}
  2023  REAL   (MA_Crossover-timed): {'trade_count': 479, 'effective_trade_count': 423.6, 'win_rate': 42.02, 'avg_pnl_pct': 0.75, 'pnl_std': 3.98, 'sharpe_like': 0.189, 'trades_per_year': 517.6, 'annualized_sharpe_like': 4.3, 'k_ratio': 31.145}
  2023  RANDOM (matched count): {'trade_count': 363, 'effective_trade_count': 340.8, 'win_rate': 34.47, 'avg_pnl_pct': -0.03, 'pnl_std': 3.57, 'sharpe_like': -0.007, 'trades_per_year': 384.3, 'annualized_sharpe_like': -0.137, 'k_ratio': -2.103}
  2024  REAL   (MA_Crossover-timed): {'trade_count': 382, 'effective_trade_count': 352.3, 'win_rate': 36.97, 'avg_pnl_pct': 0.27, 'pnl_std': 3.68, 'sharpe_like': 0.074, 'trades_per_year': 390.8, 'annualized_sharpe_like': 1.463, 'k_ratio': 44.79}
  2024  RANDOM (matched count): {'trade_count': 505, 'effective_trade_count': 477.7, 'win_rate': 36.15, 'avg_pnl_pct': 0.04, 'pnl_std': 3.73, 'sharpe_like': 0.012, 'trades_per_year': 508.1, 'annualized_sharpe_like': 0.271, 'k_ratio': -6.676}
  2025  REAL   (MA_Crossover-timed): {'trade_count': 407, 'effective_trade_count': 357.7, 'win_rate': 35.83, 'avg_pnl_pct': 0.18, 'pnl_std': 3.78, 'sharpe_like': 0.049, 'trades_per_year': 415.2, 'annualized_sharpe_like': 0.998, 'k_ratio': 19.038}
  2025  RANDOM (matched count): {'trade_count': 350, 'effective_trade_count': 328.6, 'win_rate': 33.5, 'avg_pnl_pct': -0.03, 'pnl_std': 4.2, 'sharpe_like': -0.007, 'trades_per_year': 352.2, 'annualized_sharpe_like': -0.131, 'k_ratio': -8.975}
  2026  REAL   (MA_Crossover-timed): {'trade_count': 304, 'effective_trade_count': 277.5, 'win_rate': 39.1, 'avg_pnl_pct': 0.58, 'pnl_std': 4.8, 'sharpe_like': 0.121, 'trades_per_year': 470.5, 'annualized_sharpe_like': 2.625, 'k_ratio': 64.485}
  2026  RANDOM (matched count): {'trade_count': 282, 'effective_trade_count': 269.3, 'win_rate': 32.62, 'avg_pnl_pct': -0.3, 'pnl_std': 5.23, 'sharpe_like': -0.057, 'trades_per_year': 434.6, 'annualized_sharpe_like': -1.188, 'k_ratio': -26.545}

=== TUNE (avg of 10 seeds) ===
  REAL   (MA_Crossover-timed): {'annualized_sharpe_like': 1.8428, 'effective_trade_count': 1274.46, 'pnl_std': 4.051, 'trades_per_year': 277.64, 'k_ratio': 84.9509, 'avg_pnl_pct': 0.449, 'trade_count': 1383.3, 'sharpe_like': 0.1106, 'win_rate': 38.401, '_sharpe_like_min': 0.091, '_sharpe_like_max': 0.134, '_k_ratio_min': 76.984, '_k_ratio_max': 95.349, '_seeds_used': 10}
  RANDOM (matched count): {'annualized_sharpe_like': -0.3601, 'effective_trade_count': 1233.19, 'pnl_std': 4.056, 'trades_per_year': 258.35, 'k_ratio': -29.0985, 'avg_pnl_pct': -0.091, 'trade_count': 1287.6, 'sharpe_like': -0.0224, 'win_rate': 34.132, '_sharpe_like_min': -0.047, '_sharpe_like_max': 0.004, '_k_ratio_min': -47.049, '_k_ratio_max': 2.985, '_seeds_used': 10}

=== HOLDOUT (avg of 10 seeds) ===
  REAL   (MA_Crossover-timed): {'annualized_sharpe_like': 1.063, 'effective_trade_count': 454.78, 'pnl_std': 3.953, 'trades_per_year': 94.28, 'k_ratio': 32.9614, 'avg_pnl_pct': 0.435, 'trade_count': 468.7, 'sharpe_like': 0.1095, 'win_rate': 38.786, '_sharpe_like_min': 0.063, '_sharpe_like_max': 0.166, '_k_ratio_min': 15.717, '_k_ratio_max': 45.711, '_seeds_used': 10}
  RANDOM (matched count): {'annualized_sharpe_like': -0.2083, 'effective_trade_count': 432.83, 'pnl_std': 4.036, 'trades_per_year': 88.36, 'k_ratio': -15.3303, 'avg_pnl_pct': -0.089, 'trade_count': 439.4, 'sharpe_like': -0.022, 'win_rate': 34.068, '_sharpe_like_min': -0.1, '_sharpe_like_max': 0.041, '_k_ratio_min': -76.808, '_k_ratio_max': 16.577, '_seeds_used': 10}

=== MONTE CARLO DRAWDOWN (1000 reshuffles of each's own trade order) ===
  REAL   (MA_Crossover-timed): {'n_simulations': 1000, 'n_trades': 1852, 'actual_chronological_max_drawdown': 83.23, 'monte_carlo_mean': 51.29, 'monte_carlo_median': 50.31, 'monte_carlo_p95': 66.69, 'monte_carlo_worst': 80.54}
  RANDOM (matched count): {'n_simulations': 1000, 'n_trades': 1727, 'actual_chronological_max_drawdown': 97.86, 'monte_carlo_mean': 97.7, 'monte_carlo_median': 97.77, 'monte_carlo_p95': 99.04, 'monte_carlo_worst': 99.69}

If REAL's sharpe_like/win_rate isn't meaningfully better than RANDOM's (same trade
count, same universe, same stop/target/holding-period structure), ma_crossover timing
is not adding real predictive information beyond the payoff structure + market drift.
