Testing config: v71 (active) -- strategy=ma_crossover
  ma_crossover_short_window=11, ma_crossover_long_window=90, ma_crossover_entry_fill=limit, atr_take_profit_multiplier=4.087579761131225, stop_loss_atr_multiplier=2.0934344786843373

Fetching SPY (market-uptrend proxy)...
Fetched 992/992 ticker(s).

Fetching 11 sector ETF(s) for Sector_Relative_Strength...
Ticker holdout: frac=0.25, averaging TUNE/HOLDOUT over 10 seeds ([42, 1, 5, 7, 13, 99, 123, 2024, 2025, 777]) -- see improvements.txt item 69.

Simulating REAL MA_Crossover-timed strategy and matched-count RANDOM-entry baseline for 992 ticker(s), 2021-09-10..2026-09-09...
Real MA_Crossover-timed signals: 5306 across 992 ticker(s) (entry-fill realized: 5306). Random baseline (matched count per ticker): 4948 entries filled.

=== ALL TICKERS ===
  REAL   (MA_Crossover-timed): {'trade_count': 5275, 'effective_trade_count': 3994.4, 'win_rate': 16.31, 'avg_pnl_pct': 0.23, 'pnl_std': 8.1, 'sharpe_like': 0.029, 'trades_per_year': 1061.0, 'annualized_sharpe_like': 0.945, 'k_ratio': 3.689}
  RANDOM (matched count): {'trade_count': 4881, 'effective_trade_count': 4172.2, 'win_rate': 14.33, 'avg_pnl_pct': -0.14, 'pnl_std': 7.89, 'sharpe_like': -0.018, 'trades_per_year': 983.3, 'annualized_sharpe_like': -0.564, 'k_ratio': -2.66}

=== BY YEAR (does the edge hold up over time, or is it concentrated in one stretch?) ===
  2021  REAL   (MA_Crossover-timed): {'trade_count': 466, 'effective_trade_count': 353.9, 'win_rate': 18.11, 'avg_pnl_pct': 0.78, 'pnl_std': 7.51, 'sharpe_like': 0.104, 'trades_per_year': 1561.5, 'annualized_sharpe_like': 4.11, 'k_ratio': 6.915}
  2021  RANDOM (matched count): {'trade_count': 383, 'effective_trade_count': 333.4, 'win_rate': 11.89, 'avg_pnl_pct': -0.93, 'pnl_std': 7.4, 'sharpe_like': -0.125, 'trades_per_year': 1283.4, 'annualized_sharpe_like': -4.478, 'k_ratio': -8.922}
  2022  REAL   (MA_Crossover-timed): {'trade_count': 262, 'effective_trade_count': 191.0, 'win_rate': 7.34, 'avg_pnl_pct': -3.24, 'pnl_std': 7.27, 'sharpe_like': -0.446, 'trades_per_year': 284.8, 'annualized_sharpe_like': -7.527, 'k_ratio': -9.942}
  2022  RANDOM (matched count): {'trade_count': 159, 'effective_trade_count': 139.5, 'win_rate': 3.61, 'avg_pnl_pct': -3.25, 'pnl_std': 6.66, 'sharpe_like': -0.487, 'trades_per_year': 172.8, 'annualized_sharpe_like': -6.403, 'k_ratio': -14.659}
  2023  REAL   (MA_Crossover-timed): {'trade_count': 1175, 'effective_trade_count': 914.5, 'win_rate': 18.52, 'avg_pnl_pct': 1.16, 'pnl_std': 7.66, 'sharpe_like': 0.151, 'trades_per_year': 1240.4, 'annualized_sharpe_like': 5.318, 'k_ratio': 8.007}
  2023  RANDOM (matched count): {'trade_count': 1033, 'effective_trade_count': 902.3, 'win_rate': 12.27, 'avg_pnl_pct': -0.56, 'pnl_std': 7.03, 'sharpe_like': -0.08, 'trades_per_year': 1090.5, 'annualized_sharpe_like': -2.642, 'k_ratio': -8.02}
  2024  REAL   (MA_Crossover-timed): {'trade_count': 1364, 'effective_trade_count': 1016.9, 'win_rate': 16.71, 'avg_pnl_pct': -0.21, 'pnl_std': 7.82, 'sharpe_like': -0.026, 'trades_per_year': 1372.5, 'annualized_sharpe_like': -0.963, 'k_ratio': 9.591}
  2024  RANDOM (matched count): {'trade_count': 1483, 'effective_trade_count': 1238.6, 'win_rate': 15.23, 'avg_pnl_pct': 0.1, 'pnl_std': 7.5, 'sharpe_like': 0.013, 'trades_per_year': 1488.1, 'annualized_sharpe_like': 0.501, 'k_ratio': 13.525}
  2025  REAL   (MA_Crossover-timed): {'trade_count': 1116, 'effective_trade_count': 842.3, 'win_rate': 12.03, 'avg_pnl_pct': -0.54, 'pnl_std': 7.58, 'sharpe_like': -0.071, 'trades_per_year': 1126.0, 'annualized_sharpe_like': -2.382, 'k_ratio': -28.878}
  2025  RANDOM (matched count): {'trade_count': 972, 'effective_trade_count': 830.0, 'win_rate': 16.28, 'avg_pnl_pct': 0.69, 'pnl_std': 7.92, 'sharpe_like': 0.087, 'trades_per_year': 978.0, 'annualized_sharpe_like': 2.721, 'k_ratio': 9.695}
  2026  REAL   (MA_Crossover-timed): {'trade_count': 892, 'effective_trade_count': 677.1, 'win_rate': 19.64, 'avg_pnl_pct': 1.28, 'pnl_std': 9.63, 'sharpe_like': 0.133, 'trades_per_year': 1335.3, 'annualized_sharpe_like': 4.86, 'k_ratio': 34.153}
  2026  RANDOM (matched count): {'trade_count': 851, 'effective_trade_count': 729.9, 'win_rate': 16.42, 'avg_pnl_pct': 0.01, 'pnl_std': 9.57, 'sharpe_like': 0.001, 'trades_per_year': 1289.7, 'annualized_sharpe_like': 0.036, 'k_ratio': 17.379}

=== TUNE (avg of 10 seeds) ===
  REAL   (MA_Crossover-timed): {'trade_count': 3955.6, 'win_rate': 16.254, 'annualized_sharpe_like': 0.8412, 'sharpe_like': 0.0298, 'k_ratio': -0.0143, 'pnl_std': 8.078, 'trades_per_year': 796.7, 'effective_trade_count': 3161.93, 'avg_pnl_pct': 0.24, '_sharpe_like_min': 0.019, '_sharpe_like_max': 0.043, '_k_ratio_min': -9.142, '_k_ratio_max': 13.914, '_seeds_used': 10}
  RANDOM (matched count): {'trade_count': 3655.6, 'win_rate': 14.339, 'annualized_sharpe_like': -0.4528, 'sharpe_like': -0.0167, 'k_ratio': 0.4987, 'pnl_std': 7.893, 'trades_per_year': 736.46, 'effective_trade_count': 3238.17, 'avg_pnl_pct': -0.133, '_sharpe_like_min': -0.028, '_sharpe_like_max': -0.001, '_k_ratio_min': -11.241, '_k_ratio_max': 6.474, '_seeds_used': 10}

=== HOLDOUT (avg of 10 seeds) ===
  REAL   (MA_Crossover-timed): {'trade_count': 1319.4, 'win_rate': 16.422, 'annualized_sharpe_like': 0.4549, 'sharpe_like': 0.0279, 'k_ratio': 0.6765, 'pnl_std': 7.986, 'trades_per_year': 266.28, 'effective_trade_count': 1207.35, 'avg_pnl_pct': 0.223, '_sharpe_like_min': 0.009, '_sharpe_like_max': 0.06, '_k_ratio_min': -21.427, '_k_ratio_max': 16.135, '_seeds_used': 10}
  RANDOM (matched count): {'trade_count': 1225.4, 'win_rate': 14.247, 'annualized_sharpe_like': -0.6511, 'sharpe_like': -0.0415, 'k_ratio': -19.8794, 'pnl_std': 7.803, 'trades_per_year': 247.29, 'effective_trade_count': 1170.68, 'avg_pnl_pct': -0.32, '_sharpe_like_min': -0.09, '_sharpe_like_max': -0.008, '_k_ratio_min': -69.949, '_k_ratio_max': 8.716, '_seeds_used': 10}

=== MONTE CARLO DRAWDOWN (1000 reshuffles of each's own trade order) ===
  REAL   (MA_Crossover-timed): {'n_simulations': 1000, 'n_trades': 5275, 'actual_chronological_max_drawdown': 28.38, 'monte_carlo_mean': 12.67, 'monte_carlo_median': 11.75, 'monte_carlo_p95': 21.29, 'monte_carlo_worst': 43.65}
  RANDOM (matched count): {'n_simulations': 1000, 'n_trades': 4881, 'actual_chronological_max_drawdown': 40.46, 'monte_carlo_mean': 26.89, 'monte_carlo_median': 26.62, 'monte_carlo_p95': 36.94, 'monte_carlo_worst': 46.78}

If REAL's sharpe_like/win_rate isn't meaningfully better than RANDOM's (same trade
count, same universe, same stop/target/holding-period structure), ma_crossover timing
is not adding real predictive information beyond the payoff structure + market drift.
