Testing config: v65 (candidate) -- strategy=momentum_rank
  momentum_lookback_days=30, momentum_top_percentile_min=94.03074387965738, momentum_entry_fill=limit, atr_take_profit_multiplier=4.18295699604116, stop_loss_atr_multiplier=2.4503076420043532

Fetching SPY (market-uptrend proxy)...
Fetched 992/992 ticker(s).
Ticker holdout: frac=0.25, averaging TUNE/HOLDOUT over 10 seeds ([42, 1, 5, 7, 13, 99, 123, 2024, 2025, 777]) -- see improvements.txt item 69.

Simulating REAL Momentum_Rank-timed strategy and matched-count RANDOM-entry baseline for 992 ticker(s), 2021-09-12..2026-09-11...
Real Momentum_Rank-timed signals: 45375 across 992 ticker(s) (entry-fill realized: 45375). Random baseline (matched count per ticker): 42400 entries filled.

=== ALL TICKERS ===
  REAL   (Momentum_Rank-timed): {'trade_count': 44761, 'effective_trade_count': 20383.0, 'win_rate': 15.66, 'avg_pnl_pct': 0.55, 'pnl_std': 10.97, 'sharpe_like': 0.05, 'trades_per_year': 8982.9, 'annualized_sharpe_like': 4.739, 'k_ratio': 50.496}
  RANDOM (matched count): {'trade_count': 41743, 'effective_trade_count': 21468.8, 'win_rate': 17.37, 'avg_pnl_pct': 0.56, 'pnl_std': 10.82, 'sharpe_like': 0.052, 'trades_per_year': 8372.7, 'annualized_sharpe_like': 4.758, 'k_ratio': 38.047}

=== BY YEAR (does the edge hold up over time, or is it concentrated in one stretch?) ===
  2021  REAL   (Momentum_Rank-timed): {'trade_count': 3392, 'effective_trade_count': 1597.1, 'win_rate': 13.07, 'avg_pnl_pct': -0.74, 'pnl_std': 10.7, 'sharpe_like': -0.069, 'trades_per_year': 11471.6, 'annualized_sharpe_like': -7.39, 'k_ratio': -5.414}
  2021  RANDOM (matched count): {'trade_count': 2640, 'effective_trade_count': 1503.4, 'win_rate': 15.43, 'avg_pnl_pct': 0.3, 'pnl_std': 10.4, 'sharpe_like': 0.029, 'trades_per_year': 8928.3, 'annualized_sharpe_like': 2.74, 'k_ratio': 1.697}
  2022  REAL   (Momentum_Rank-timed): {'trade_count': 1652, 'effective_trade_count': 750.4, 'win_rate': 7.99, 'avg_pnl_pct': -2.67, 'pnl_std': 10.12, 'sharpe_like': -0.264, 'trades_per_year': 1795.8, 'annualized_sharpe_like': -11.188, 'k_ratio': -0.695}
  2022  RANDOM (matched count): {'trade_count': 1181, 'effective_trade_count': 713.9, 'win_rate': 6.48, 'avg_pnl_pct': -3.29, 'pnl_std': 10.17, 'sharpe_like': -0.324, 'trades_per_year': 1276.2, 'annualized_sharpe_like': -11.575, 'k_ratio': -9.908}
  2023  REAL   (Momentum_Rank-timed): {'trade_count': 9707, 'effective_trade_count': 4867.1, 'win_rate': 15.46, 'avg_pnl_pct': 0.31, 'pnl_std': 9.82, 'sharpe_like': 0.031, 'trades_per_year': 10247.1, 'annualized_sharpe_like': 3.138, 'k_ratio': 10.585}
  2023  RANDOM (matched count): {'trade_count': 8977, 'effective_trade_count': 4739.6, 'win_rate': 17.23, 'avg_pnl_pct': 0.23, 'pnl_std': 9.59, 'sharpe_like': 0.024, 'trades_per_year': 9476.4, 'annualized_sharpe_like': 2.336, 'k_ratio': 6.038}
  2024  REAL   (Momentum_Rank-timed): {'trade_count': 12283, 'effective_trade_count': 5654.9, 'win_rate': 15.5, 'avg_pnl_pct': 0.63, 'pnl_std': 10.7, 'sharpe_like': 0.059, 'trades_per_year': 12325.2, 'annualized_sharpe_like': 6.55, 'k_ratio': 17.611}
  2024  RANDOM (matched count): {'trade_count': 11866, 'effective_trade_count': 6070.8, 'win_rate': 19.14, 'avg_pnl_pct': 1.17, 'pnl_std': 10.65, 'sharpe_like': 0.11, 'trades_per_year': 11906.7, 'annualized_sharpe_like': 12.003, 'k_ratio': 30.433}
  2025  REAL   (Momentum_Rank-timed): {'trade_count': 10267, 'effective_trade_count': 4522.3, 'win_rate': 17.33, 'avg_pnl_pct': 1.49, 'pnl_std': 11.46, 'sharpe_like': 0.13, 'trades_per_year': 10330.6, 'annualized_sharpe_like': 13.213, 'k_ratio': 35.093}
  2025  RANDOM (matched count): {'trade_count': 9315, 'effective_trade_count': 4811.2, 'win_rate': 17.31, 'avg_pnl_pct': 1.02, 'pnl_std': 11.37, 'sharpe_like': 0.089, 'trades_per_year': 9372.7, 'annualized_sharpe_like': 8.616, 'k_ratio': 25.568}
  2026  REAL   (Momentum_Rank-timed): {'trade_count': 7460, 'effective_trade_count': 3012.3, 'win_rate': 17.27, 'avg_pnl_pct': 0.92, 'pnl_std': 12.43, 'sharpe_like': 0.074, 'trades_per_year': 10942.8, 'annualized_sharpe_like': 7.741, 'k_ratio': 35.48}
  2026  RANDOM (matched count): {'trade_count': 7764, 'effective_trade_count': 3704.3, 'win_rate': 18.29, 'avg_pnl_pct': 0.45, 'pnl_std': 11.99, 'sharpe_like': 0.038, 'trades_per_year': 11343.2, 'annualized_sharpe_like': 4.047, 'k_ratio': 29.034}

=== TUNE (avg of 10 seeds) ===
  REAL   (Momentum_Rank-timed): {'trade_count': 33580.1, 'annualized_sharpe_like': 3.8616, 'win_rate': 15.629, 'trades_per_year': 6739.08, 'sharpe_like': 0.047, 'k_ratio': 50.904, 'pnl_std': 11.053, 'effective_trade_count': 16905.27, 'avg_pnl_pct': 0.522, '_sharpe_like_min': 0.029, '_sharpe_like_max': 0.062, '_k_ratio_min': 43.986, '_k_ratio_max': 62.5, '_seeds_used': 10}
  RANDOM (matched count): {'trade_count': 31347.0, 'annualized_sharpe_like': 4.1637, 'win_rate': 17.342, 'trades_per_year': 6288.16, 'sharpe_like': 0.0525, 'k_ratio': 38.6023, 'pnl_std': 10.898, 'effective_trade_count': 17713.27, 'avg_pnl_pct': 0.572, '_sharpe_like_min': 0.046, '_sharpe_like_max': 0.058, '_k_ratio_min': 32.446, '_k_ratio_max': 45.426, '_seeds_used': 10}

=== HOLDOUT (avg of 10 seeds) ===
  REAL   (Momentum_Rank-timed): {'trade_count': 11180.9, 'annualized_sharpe_like': 2.2557, 'win_rate': 15.169, 'trades_per_year': 2245.94, 'sharpe_like': 0.0473, 'k_ratio': 44.7682, 'pnl_std': 10.84, 'effective_trade_count': 7785.34, 'avg_pnl_pct': 0.514, '_sharpe_like_min': -0.005, '_sharpe_like_max': 0.095, '_k_ratio_min': 7.618, '_k_ratio_max': 73.291, '_seeds_used': 10}
  RANDOM (matched count): {'trade_count': 10396.0, 'annualized_sharpe_like': 2.178, 'win_rate': 17.193, 'trades_per_year': 2087.07, 'sharpe_like': 0.0476, 'k_ratio': 34.8208, 'pnl_std': 10.779, 'effective_trade_count': 7804.48, 'avg_pnl_pct': 0.515, '_sharpe_like_min': 0.03, '_sharpe_like_max': 0.07, '_k_ratio_min': 15.472, '_k_ratio_max': 52.367, '_seeds_used': 10}

=== MONTE CARLO DRAWDOWN (1000 reshuffles of each's own trade order) ===
  REAL   (Momentum_Rank-timed): {'n_simulations': 1000, 'n_trades': 44761, 'actual_chronological_max_drawdown': 17.43, 'monte_carlo_mean': 2.8, 'monte_carlo_median': 2.6, 'monte_carlo_p95': 4.9, 'monte_carlo_worst': 8.32}
  RANDOM (matched count): {'n_simulations': 1000, 'n_trades': 41743, 'actual_chronological_max_drawdown': 28.86, 'monte_carlo_mean': 3.51, 'monte_carlo_median': 3.22, 'monte_carlo_p95': 6.13, 'monte_carlo_worst': 10.28}

If REAL's sharpe_like/win_rate isn't meaningfully better than RANDOM's (same trade
count, same universe, same stop/target/holding-period structure), momentum_rank timing
is not adding real predictive information beyond the payoff structure + market drift.
