HTTP Error 404: {"quoteSummary":{"result":null,"error":{"code":"Not Found","description":"Quote not found for symbol: CWEN.A"}}}
$CWEN.A: possibly delisted; no timezone found

1 Failed download:
['CWEN.A']: possibly delisted; no timezone found
$MOG.A: possibly delisted; no timezone found

1 Failed download:
['MOG.A']: possibly delisted; no timezone found
Testing config: v71 (active) -- strategy=ma_crossover
  ma_crossover_short_window=11, ma_crossover_long_window=90, ma_crossover_entry_fill=limit, atr_take_profit_multiplier=4.087579761131225, stop_loss_atr_multiplier=2.0934344786843373

Fetching SPY (market-uptrend proxy)...
Fetched 1000/1002 ticker(s).

Fetching 3 sector ETF(s) for Sector_Relative_Strength...
Ticker holdout: frac=0.25, averaging TUNE/HOLDOUT over 10 seeds ([42, 1, 5, 7, 13, 99, 123, 2024, 2025, 777]) -- see improvements.txt item 69.

Simulating REAL MA_Crossover-timed strategy and matched-count RANDOM-entry baseline for 1000 ticker(s), 2021-09-01..2026-08-31...
Real MA_Crossover-timed signals: 5393 across 1000 ticker(s) (entry-fill realized: 5393). Random baseline (matched count per ticker): 5067 entries filled.

=== ALL TICKERS ===
  REAL   (MA_Crossover-timed): {'trade_count': 5348, 'effective_trade_count': 5346.0, 'win_rate': 16.01, 'avg_pnl_pct': 0.14, 'pnl_std': 7.98, 'sharpe_like': 0.018, 'trades_per_year': 1077.4, 'annualized_sharpe_like': 0.591, 'k_ratio': 1.257}
  RANDOM (matched count): {'trade_count': 4987, 'effective_trade_count': 4986.5, 'win_rate': 13.92, 'avg_pnl_pct': -0.41, 'pnl_std': 7.81, 'sharpe_like': -0.052, 'trades_per_year': 1001.4, 'annualized_sharpe_like': -1.646, 'k_ratio': -26.659}

=== BY YEAR (does the edge hold up over time, or is it concentrated in one stretch?) ===
  2021  REAL   (MA_Crossover-timed): {'trade_count': 530, 'effective_trade_count': 529.5, 'win_rate': 18.24, 'avg_pnl_pct': 0.76, 'pnl_std': 7.51, 'sharpe_like': 0.101, 'trades_per_year': 1613.2, 'annualized_sharpe_like': 4.057, 'k_ratio': 10.364}
  2021  RANDOM (matched count): {'trade_count': 419, 'effective_trade_count': 419.0, 'win_rate': 14.56, 'avg_pnl_pct': 0.06, 'pnl_std': 7.54, 'sharpe_like': 0.008, 'trades_per_year': 1275.3, 'annualized_sharpe_like': 0.286, 'k_ratio': 2.888}
  2022  REAL   (MA_Crossover-timed): {'trade_count': 263, 'effective_trade_count': 263.0, 'win_rate': 5.32, 'avg_pnl_pct': -4.11, 'pnl_std': 6.37, 'sharpe_like': -0.645, 'trades_per_year': 285.9, 'annualized_sharpe_like': -10.906, 'k_ratio': -9.979}
  2022  RANDOM (matched count): {'trade_count': 187, 'effective_trade_count': 187.0, 'win_rate': 5.35, 'avg_pnl_pct': -3.58, 'pnl_std': 6.87, 'sharpe_like': -0.521, 'trades_per_year': 203.3, 'annualized_sharpe_like': -7.428, 'k_ratio': -8.104}
  2023  REAL   (MA_Crossover-timed): {'trade_count': 1186, 'effective_trade_count': 1185.0, 'win_rate': 19.09, 'avg_pnl_pct': 1.44, 'pnl_std': 7.72, 'sharpe_like': 0.186, 'trades_per_year': 1252.0, 'annualized_sharpe_like': 6.581, 'k_ratio': 7.512}
  2023  RANDOM (matched count): {'trade_count': 1035, 'effective_trade_count': 1034.5, 'win_rate': 14.31, 'avg_pnl_pct': -0.51, 'pnl_std': 7.25, 'sharpe_like': -0.071, 'trades_per_year': 1092.6, 'annualized_sharpe_like': -2.347, 'k_ratio': 1.81}
  2024  REAL   (MA_Crossover-timed): {'trade_count': 1374, 'effective_trade_count': 1374.0, 'win_rate': 16.89, 'avg_pnl_pct': -0.39, 'pnl_std': 7.59, 'sharpe_like': -0.051, 'trades_per_year': 1382.5, 'annualized_sharpe_like': -1.896, 'k_ratio': 9.271}
  2024  RANDOM (matched count): {'trade_count': 1498, 'effective_trade_count': 1498.0, 'win_rate': 14.02, 'avg_pnl_pct': -0.28, 'pnl_std': 7.38, 'sharpe_like': -0.038, 'trades_per_year': 1503.1, 'annualized_sharpe_like': -1.473, 'k_ratio': 4.932}
  2025  REAL   (MA_Crossover-timed): {'trade_count': 1124, 'effective_trade_count': 1124.0, 'win_rate': 10.14, 'avg_pnl_pct': -0.72, 'pnl_std': 7.48, 'sharpe_like': -0.096, 'trades_per_year': 1134.1, 'annualized_sharpe_like': -3.233, 'k_ratio': -29.308}
  2025  RANDOM (matched count): {'trade_count': 1000, 'effective_trade_count': 1000.0, 'win_rate': 12.9, 'avg_pnl_pct': -0.25, 'pnl_std': 7.83, 'sharpe_like': -0.032, 'trades_per_year': 1006.2, 'annualized_sharpe_like': -1.015, 'k_ratio': -15.951}
  2026  REAL   (MA_Crossover-timed): {'trade_count': 871, 'effective_trade_count': 870.5, 'win_rate': 19.89, 'avg_pnl_pct': 1.25, 'pnl_std': 9.47, 'sharpe_like': 0.132, 'trades_per_year': 1383.2, 'annualized_sharpe_like': 4.909, 'k_ratio': 33.354}
  2026  RANDOM (matched count): {'trade_count': 848, 'effective_trade_count': 848.0, 'win_rate': 16.04, 'avg_pnl_pct': -0.23, 'pnl_std': 9.22, 'sharpe_like': -0.025, 'trades_per_year': 1312.4, 'annualized_sharpe_like': -0.906, 'k_ratio': 9.025}

=== TUNE (avg of 10 seeds) ===
  REAL   (MA_Crossover-timed): {'pnl_std': 7.982, 'k_ratio': 2.056, 'trade_count': 4001.1, 'avg_pnl_pct': 0.163, 'win_rate': 15.989, 'annualized_sharpe_like': 0.582, 'effective_trade_count': 4000.05, 'trades_per_year': 806.33, 'sharpe_like': 0.0205, '_sharpe_like_min': 0.008, '_sharpe_like_max': 0.03, '_k_ratio_min': -9.97, '_k_ratio_max': 16.62, '_seeds_used': 10}
  RANDOM (matched count): {'pnl_std': 7.77, 'k_ratio': -22.4006, 'trade_count': 3749.6, 'avg_pnl_pct': -0.403, 'win_rate': 13.77, 'annualized_sharpe_like': -1.4131, 'effective_trade_count': 3749.4, 'trades_per_year': 752.92, 'sharpe_like': -0.0515, '_sharpe_like_min': -0.069, '_sharpe_like_max': -0.034, '_k_ratio_min': -36.701, '_k_ratio_max': -4.136, '_seeds_used': 10}

=== HOLDOUT (avg of 10 seeds) ===
  REAL   (MA_Crossover-timed): {'pnl_std': 7.989, 'k_ratio': -15.4255, 'trade_count': 1346.9, 'avg_pnl_pct': 0.093, 'win_rate': 16.091, 'annualized_sharpe_like': 0.1935, 'effective_trade_count': 1346.75, 'trades_per_year': 271.86, 'sharpe_like': 0.0118, '_sharpe_like_min': -0.017, '_sharpe_like_max': 0.05, '_k_ratio_min': -31.445, '_k_ratio_max': 7.748, '_seeds_used': 10}
  RANDOM (matched count): {'pnl_std': 7.913, 'k_ratio': -23.3033, 'trade_count': 1237.4, 'avg_pnl_pct': -0.427, 'win_rate': 14.374, 'annualized_sharpe_like': -0.8571, 'effective_trade_count': 1237.35, 'trades_per_year': 249.03, 'sharpe_like': -0.0543, '_sharpe_like_min': -0.104, '_sharpe_like_max': -0.003, '_k_ratio_min': -50.571, '_k_ratio_max': 18.239, '_seeds_used': 10}

=== MONTE CARLO DRAWDOWN (1000 reshuffles of each's own trade order) ===
  REAL   (MA_Crossover-timed): {'n_simulations': 1000, 'n_trades': 5348, 'actual_chronological_max_drawdown': 28.82, 'monte_carlo_mean': 8.26, 'monte_carlo_median': 7.44, 'monte_carlo_p95': 17.67, 'monte_carlo_worst': 30.19}
  RANDOM (matched count): {'n_simulations': 1000, 'n_trades': 4987, 'actual_chronological_max_drawdown': 30.0, 'monte_carlo_mean': 11.82, 'monte_carlo_median': 10.42, 'monte_carlo_p95': 26.51, 'monte_carlo_worst': 40.17}

If REAL's sharpe_like/win_rate isn't meaningfully better than RANDOM's (same trade
count, same universe, same stop/target/holding-period structure), ma_crossover timing
is not adding real predictive information beyond the payoff structure + market drift.
